{
  "results": {},
  "exclude_files": [],
  "exclude_lines": [],
  "version": "1.0",
  "generated_at": "2025-09-29T00:00:00Z",
  "note": "This is a placeholder baseline. Run `detect-secrets scan > .secrets.baseline` locally to generate a proper baseline and review allowed secrets interactively. Do NOT commit secrets into the baseline without review."
}
